// Jest Snapshot v1, https://goo.gl/fbAQLP

exports[`App should match to snapshot 1`] = `ShallowWrapper {}`;

exports[`App should match to snapshot with filter 1`] = `ShallowWrapper {}`;
